******************************************************************************
                  TI ARM Linker PC v18.12.2                    
******************************************************************************
>> Linked Fri Feb  7 14:02:01 2020

OUTPUT FILE NAME:   <testLab3.out>
ENTRY POINT SYMBOL: "_c_int00_noargs"  address: 000025c5


MEMORY CONFIGURATION

         name            origin    length      used     unused   attr    fill
----------------------  --------  ---------  --------  --------  ----  --------
  FLASH                 00000000   00040000  000028c1  0003d73f  R  X
  SRAM                  20000000   00008000  000012ca  00006d36  RW X


SEGMENT ALLOCATION MAP

run origin  load origin   length   init length attrs members
----------  ----------- ---------- ----------- ----- -------
00000000    00000000    000028c8   000028c8    r-x
  00000000    00000000    0000026c   0000026c    r-- .intvecs
  0000026c    0000026c    0000250c   0000250c    r-x .text
  00002778    00002778    00000109   00000109    r-- .const
  00002888    00002888    00000040   00000040    r-- .cinit
20000000    20000000    000012ce   00000000    rw-
  20000000    20000000    0000026c   00000000    rw- .vtable
  20000270    20000270    00001000   00000000    rw- .stack
  20001270    20001270    00000058   00000000    rw- .bss
  200012c8    200012c8    00000006   00000000    rw- .data


SECTION ALLOCATION MAP

 output                                  attributes/
section   page    origin      length       input sections
--------  ----  ----------  ----------   ----------------
.intvecs   0    00000000    0000026c     
                  00000000    0000026c     tm4c123gh6pm_startup_ccs.obj (.intvecs)

.text      0    0000026c    0000250c     
                  0000026c    00000a4e     rtsv7M4_T_le_v4SPD16_eabi.lib : _printfi.c.obj (.text:__TI_printfi)
                  00000cba    00000002                                   : div0.asm.obj (.text)
                  00000cbc    00000328     lcd.obj (.text)
                  00000fe4    00000270     rtsv7M4_T_le_v4SPD16_eabi.lib : _printfi.c.obj (.text:_pconv_a)
                  00001254    00000248     Timer.obj (.text)
                  0000149c    000001d0     rtsv7M4_T_le_v4SPD16_eabi.lib : _printfi.c.obj (.text:_pconv_g)
                  0000166c    000001b6                                   : fd_add_t2.asm.obj (.text)
                  00001822    00000002     --HOLE-- [fill = 0]
                  00001824    0000013c                                   : _printfi.c.obj (.text:_pconv_e)
                  00001960    00000136                                   : fd_div_t2.asm.obj (.text)
                  00001a96    00000002     --HOLE-- [fill = 0]
                  00001a98    00000124                                   : _printfi.c.obj (.text:fcvt)
                  00001bbc    00000110                                   : s_scalbn.c.obj (.text:scalbn)
                  00001ccc    000000fc                                   : fd_mul_t2.asm.obj (.text)
                  00001dc8    000000d0     button.obj (.text)
                  00001e98    000000b1     rtsv7M4_T_le_v4SPD16_eabi.lib : _printfi.c.obj (.text:_ltostr)
                  00001f49    00000001     --HOLE-- [fill = 0]
                  00001f4a    0000009c                                   : memcpy_t2.asm.obj (.text)
                  00001fe6    00000096                                   : ull_div_t2.asm.obj (.text)
                  0000207c    00000086                                   : fd_cmp_t2.asm.obj (.text:__aeabi_cdcmple)
                  00002102    00000086                                   : fd_cmp_t2.asm.obj (.text:__aeabi_cdrcmple)
                  00002188    0000007a                                   : memset_t2.asm.obj (.text)
                  00002202    0000006e                                   : _printfi.c.obj (.text:_mcpy)
                  00002270    00000068                                   : copy_decompress_lzss.c.obj (.text:decompress:lzss:__TI_decompress_lzss)
                  000022d8    00000064                                   : s_frexp.c.obj (.text:frexp)
                  0000233c    00000056                                   : _printfi.c.obj (.text:_pconv_f)
                  00002392    00000054                                   : ltoa.c.obj (.text:ltoa)
                  000023e6    00000052                                   : _printfi.c.obj (.text:_ecpy)
                  00002438    0000004c                                   : atoi.c.obj (.text:atoi)
                  00002484    00000048                                   : fd_toi_t2.asm.obj (.text)
                  000024cc    00000044                                   : autoinit.c.obj (.text:__TI_auto_init_nobinit_nopinit:__TI_auto_init_nobinit_nopinit)
                  00002510    00000040                                   : vsnprintf.c.obj (.text:vsnprintf)
                  00002550    0000003e                                   : _printfi.c.obj (.text:_fcpy)
                  0000258e    00000002     --HOLE-- [fill = 0]
                  00002590    00000034     driverlib.lib : interrupt.obj (.text:IntRegister)
                  000025c4    00000034     rtsv7M4_T_le_v4SPD16_eabi.lib : boot_cortex_m.c.obj (.text:_c_int00_noargs:_c_int00_noargs)
                  000025f8    00000030                                   : vsnprintf.c.obj (.text:_outs)
                  00002628    0000002e                                   : i_tofd_t2.asm.obj (.text)
                  00002656    0000001c                                   : copy_zero_init.c.obj (.text:decompress:ZI:__TI_zero_init_nomemset:__TI_zero_init_nomemset)
                  00002672    0000001c                                   : memccpy.c.obj (.text:memccpy)
                  0000268e    0000001a                                   : s_copysign.c.obj (.text:copysign)
                  000026a8    00000018                                   : vsnprintf.c.obj (.text:_outc)
                  000026c0    00000018                                   : strcmp.c.obj (.text:strcmp)
                  000026d8    00000016                                   : strchr.c.obj (.text:strchr)
                  000026ee    00000014     lab3_template.obj (.text)
                  00002702    00000014     rtsv7M4_T_le_v4SPD16_eabi.lib : strcpy.c.obj (.text:strcpy)
                  00002716    00000014                                   : strlen.c.obj (.text:strlen)
                  0000272a    00000012                                   : wcslen.c.obj (.text:wcslen)
                  0000273c    00000010     lcd.obj (.text:lcd_clear)
                  0000274c    0000000e     rtsv7M4_T_le_v4SPD16_eabi.lib : copy_decompress_none.c.obj (.text:decompress:none:__TI_decompress_none)
                  0000275a    0000000c     tm4c123gh6pm_startup_ccs.obj (.text)
                  00002766    00000002     --HOLE-- [fill = 0]
                  00002768    00000008     rtsv7M4_T_le_v4SPD16_eabi.lib : errno.c.obj (.text:__aeabi_errno_addr)
                  00002770    00000004                                   : pre_init.c.obj (.text:_system_pre_init)
                  00002774    00000004                                   : exit.c.obj (.text:abort:abort)

.const     0    00002778    00000109     
                  00002778    00000101     rtsv7M4_T_le_v4SPD16_eabi.lib : ctype.c.obj (.const:.string:_ctypes_)
                  00002879    00000004     lcd.obj (.const:.string:lineAddress$1)
                  0000287d    00000004     lcd.obj (.const:.string:lineAddresses$2)

.cinit     0    00002888    00000040     
                  00002888    0000000c     (__TI_handler_table)
                  00002894    00000004     --HOLE-- [fill = 0]
                  00002898    00000008     (.cinit..bss.load) [load image, compression = zero_init]
                  000028a0    00000008     (.cinit..vtable.load) [load image, compression = zero_init]
                  000028a8    00000007     (.cinit..data.load) [load image, compression = lzss]
                  000028af    00000001     --HOLE-- [fill = 0]
                  000028b0    00000018     (__TI_cinit_table)

.init_array 
*          0    00000000    00000000     UNINITIALIZED

.vtable    0    20000000    0000026c     UNINITIALIZED
                  20000000    0000026c     driverlib.lib : interrupt.obj (.vtable)

.bss       0    20001270    00000058     UNINITIALIZED
                  20001270    00000054     lcd.obj (.bss:lastbuffer$3)
                  200012c4    00000004     (.common:_timeout_ticks)

.data      0    200012c8    00000006     UNINITIALIZED
                  200012c8    00000004     rtsv7M4_T_le_v4SPD16_eabi.lib : errno.c.obj (.data)
                  200012cc    00000001     Timer.obj (.data)
                  200012cd    00000001     button.obj (.data)

.stack     0    20000270    00001000     UNINITIALIZED
                  20000270    00000004     rtsv7M4_T_le_v4SPD16_eabi.lib : boot_cortex_m.c.obj (.stack)
                  20000274    00000ffc     --HOLE--

MODULE SUMMARY

       Module                         code   ro data   rw data
       ------                         ----   -------   -------
    .\
       lcd.obj                        824    8         84     
       tm4c123gh6pm_startup_ccs.obj   12     620       0      
       Timer.obj                      584    0         5      
       button.obj                     208    0         1      
       lab3_template.obj              20     0         0      
    +--+------------------------------+------+---------+---------+
       Total:                         1648   628       90     
                                                              
    C:/ti/TivaWare_C_Series-2.1.4.178/driverlib/ccs/Debug/driverlib.lib
       interrupt.obj                  52     0         620    
    +--+------------------------------+------+---------+---------+
       Total:                         52     0         620    
                                                              
    C:\ti\ccs910\ccs\tools\compiler\ti-cgt-arm_18.12.2.LTS\lib\rtsv7M4_T_le_v4SPD16_eabi.lib
       _printfi.c.obj                 4851   0         0      
       fd_add_t2.asm.obj              438    0         0      
       fd_div_t2.asm.obj              310    0         0      
       s_scalbn.c.obj                 272    0         0      
       fd_cmp_t2.asm.obj              268    0         0      
       ctype.c.obj                    0      257       0      
       fd_mul_t2.asm.obj              252    0         0      
       memcpy_t2.asm.obj              156    0         0      
       ull_div_t2.asm.obj             150    0         0      
       vsnprintf.c.obj                136    0         0      
       memset_t2.asm.obj              122    0         0      
       copy_decompress_lzss.c.obj     104    0         0      
       s_frexp.c.obj                  100    0         0      
       ltoa.c.obj                     84     0         0      
       atoi.c.obj                     76     0         0      
       fd_toi_t2.asm.obj              72     0         0      
       autoinit.c.obj                 68     0         0      
       boot_cortex_m.c.obj            52     0         0      
       i_tofd_t2.asm.obj              46     0         0      
       copy_zero_init.c.obj           28     0         0      
       memccpy.c.obj                  28     0         0      
       s_copysign.c.obj               26     0         0      
       strcmp.c.obj                   24     0         0      
       strchr.c.obj                   22     0         0      
       strcpy.c.obj                   20     0         0      
       strlen.c.obj                   20     0         0      
       wcslen.c.obj                   18     0         0      
       copy_decompress_none.c.obj     14     0         0      
       errno.c.obj                    8      0         4      
       exit.c.obj                     4      0         0      
       pre_init.c.obj                 4      0         0      
       div0.asm.obj                   2      0         0      
    +--+------------------------------+------+---------+---------+
       Total:                         7775   257       4      
                                                              
       Stack:                         0      0         4096   
       Linker Generated:              0      59        0      
    +--+------------------------------+------+---------+---------+
       Grand Total:                   9475   944       4810   


LINKER GENERATED COPY TABLES

__TI_cinit_table @ 000028b0 records: 3, size/record: 8, table size: 24
	.bss: load addr=00002898, load size=00000008 bytes, run addr=20001270, run size=00000058 bytes, compression=zero_init
	.vtable: load addr=000028a0, load size=00000008 bytes, run addr=20000000, run size=0000026c bytes, compression=zero_init
	.data: load addr=000028a8, load size=00000007 bytes, run addr=200012c8, run size=00000006 bytes, compression=lzss


LINKER GENERATED HANDLER TABLE

__TI_handler_table @ 00002888 records: 3, size/record: 4, table size: 12
	index: 0, handler: __TI_zero_init
	index: 1, handler: __TI_decompress_lzss
	index: 2, handler: __TI_decompress_none


GLOBAL SYMBOLS: SORTED ALPHABETICALLY BY Name 

address   name                          
-------   ----                          
00002775  C$$EXIT                       
00002591  IntRegister                   
00001e3f  LED_set                       
0000275b  ResetISR                      
20001270  __STACK_END                   
00001000  __STACK_SIZE                  
20000470  __STACK_TOP                   
000028b0  __TI_CINIT_Base               
000028c8  __TI_CINIT_Limit              
00002888  __TI_Handler_Table_Base       
00002894  __TI_Handler_Table_Limit      
000024cd  __TI_auto_init_nobinit_nopinit
00002271  __TI_decompress_lzss          
0000274d  __TI_decompress_none          
ffffffff  __TI_pprof_out_hndl           
0000026d  __TI_printfi                  
ffffffff  __TI_prof_data_size           
ffffffff  __TI_prof_data_start          
00000000  __TI_static_base__            
00002657  __TI_zero_init_nomemset       
0000207d  __aeabi_cdcmpeq               
0000207d  __aeabi_cdcmple               
00002103  __aeabi_cdrcmple              
00002485  __aeabi_d2iz                  
00001677  __aeabi_dadd                  
00001961  __aeabi_ddiv                  
00001ccd  __aeabi_dmul                  
0000166d  __aeabi_dsub                  
00002769  __aeabi_errno_addr            
00002629  __aeabi_i2d                   
00000cbb  __aeabi_idiv0                 
00000cbb  __aeabi_ldiv0                 
00002189  __aeabi_memclr                
00002189  __aeabi_memclr4               
00002189  __aeabi_memclr8               
00001f4b  __aeabi_memcpy                
00001f4b  __aeabi_memcpy4               
00001f4b  __aeabi_memcpy8               
0000218b  __aeabi_memset                
0000218b  __aeabi_memset4               
0000218b  __aeabi_memset8               
00001fe7  __aeabi_uldivmod              
ffffffff  __binit__                     
ffffffff  __c_args__                    
UNDEFED   __mpu_init                    
20000270  __stack                       
000025c5  _c_int00_noargs               
00002778  _ctypes_                      
200012cc  _running                      
UNDEFED   _system_post_cinit            
00002771  _system_pre_init              
200012c4  _timeout_ticks                
00002775  abort                         
00002439  atoi                          
ffffffff  binit                         
00001e13  button_LED_control            
00001e4b  button_getButton              
00001dc9  button_init                   
00001e07  button_set_out                
0000268f  copysign                      
0000268f  copysignl                     
200012c8  errno                         
000022d9  frexp                         
000022d9  frexpl                        
20000000  g_pfnRAMVectors               
00000000  g_pfnVectors                  
0000273d  lcd_clear                     
00000e91  lcd_gotoLine                  
00000cf9  lcd_init                      
00000ef7  lcd_printf                    
00000db9  lcd_putc                      
00000df1  lcd_puts                      
00000cbd  lcd_reverseNibble             
00000e0f  lcd_sendCommand               
00000e4d  lcd_sendNibble                
00000eb9  lcd_setCursorPos              
00001bbd  ldexp                         
00001bbd  ldexpl                        
00002393  ltoa                          
000026ef  main                          
00002673  memccpy                       
00001f4b  memcpy                        
00002191  memset                        
00001bbd  scalbn                        
00001bbd  scalbnl                       
000026d9  strchr                        
000026c1  strcmp                        
00002703  strcpy                        
00002717  strlen                        
00001373  timer_getMicros               
0000131b  timer_getMillis               
00001255  timer_init                    
000012f7  timer_pause                   
00001309  timer_resume                  
000012cd  timer_stop                    
000013cd  timer_waitMicros              
00001401  timer_waitMillis              
00002511  vsnprintf                     
0000272b  wcslen                        


GLOBAL SYMBOLS: SORTED BY Symbol Address 

address   name                          
-------   ----                          
00000000  __TI_static_base__            
00000000  g_pfnVectors                  
0000026d  __TI_printfi                  
00000cbb  __aeabi_idiv0                 
00000cbb  __aeabi_ldiv0                 
00000cbd  lcd_reverseNibble             
00000cf9  lcd_init                      
00000db9  lcd_putc                      
00000df1  lcd_puts                      
00000e0f  lcd_sendCommand               
00000e4d  lcd_sendNibble                
00000e91  lcd_gotoLine                  
00000eb9  lcd_setCursorPos              
00000ef7  lcd_printf                    
00001000  __STACK_SIZE                  
00001255  timer_init                    
000012cd  timer_stop                    
000012f7  timer_pause                   
00001309  timer_resume                  
0000131b  timer_getMillis               
00001373  timer_getMicros               
000013cd  timer_waitMicros              
00001401  timer_waitMillis              
0000166d  __aeabi_dsub                  
00001677  __aeabi_dadd                  
00001961  __aeabi_ddiv                  
00001bbd  ldexp                         
00001bbd  ldexpl                        
00001bbd  scalbn                        
00001bbd  scalbnl                       
00001ccd  __aeabi_dmul                  
00001dc9  button_init                   
00001e07  button_set_out                
00001e13  button_LED_control            
00001e3f  LED_set                       
00001e4b  button_getButton              
00001f4b  __aeabi_memcpy                
00001f4b  __aeabi_memcpy4               
00001f4b  __aeabi_memcpy8               
00001f4b  memcpy                        
00001fe7  __aeabi_uldivmod              
0000207d  __aeabi_cdcmpeq               
0000207d  __aeabi_cdcmple               
00002103  __aeabi_cdrcmple              
00002189  __aeabi_memclr                
00002189  __aeabi_memclr4               
00002189  __aeabi_memclr8               
0000218b  __aeabi_memset                
0000218b  __aeabi_memset4               
0000218b  __aeabi_memset8               
00002191  memset                        
00002271  __TI_decompress_lzss          
000022d9  frexp                         
000022d9  frexpl                        
00002393  ltoa                          
00002439  atoi                          
00002485  __aeabi_d2iz                  
000024cd  __TI_auto_init_nobinit_nopinit
00002511  vsnprintf                     
00002591  IntRegister                   
000025c5  _c_int00_noargs               
00002629  __aeabi_i2d                   
00002657  __TI_zero_init_nomemset       
00002673  memccpy                       
0000268f  copysign                      
0000268f  copysignl                     
000026c1  strcmp                        
000026d9  strchr                        
000026ef  main                          
00002703  strcpy                        
00002717  strlen                        
0000272b  wcslen                        
0000273d  lcd_clear                     
0000274d  __TI_decompress_none          
0000275b  ResetISR                      
00002769  __aeabi_errno_addr            
00002771  _system_pre_init              
00002775  C$$EXIT                       
00002775  abort                         
00002778  _ctypes_                      
00002888  __TI_Handler_Table_Base       
00002894  __TI_Handler_Table_Limit      
000028b0  __TI_CINIT_Base               
000028c8  __TI_CINIT_Limit              
20000000  g_pfnRAMVectors               
20000270  __stack                       
20000470  __STACK_TOP                   
20001270  __STACK_END                   
200012c4  _timeout_ticks                
200012c8  errno                         
200012cc  _running                      
ffffffff  __TI_pprof_out_hndl           
ffffffff  __TI_prof_data_size           
ffffffff  __TI_prof_data_start          
ffffffff  __binit__                     
ffffffff  __c_args__                    
ffffffff  binit                         
UNDEFED   __mpu_init                    
UNDEFED   _system_post_cinit            

[99 symbols]
